// Jest Snapshot v1, https://goo.gl/fbAQLP
exports[` PopularAuthors snapshot 1`] = `
   <div  className=" container mt-5"
   data-test="container">
        <div>
          <h1 className="text-center text-3xl">Popular authors</h1>
        </div>
        <div className="mt-5" data-test="row">
          {popularAuthor.map((author) => {
            return (
              <div
                key={author}
               data-test="col"
                className=" col-12 col-sm-2 col-md-3 mt-4 d-flex justify-content-center align-items-center"
              >
                <button color="light-blue" className="px-2 rounded-pill button">
                  {author}
                </button>
              </div>
            );
          })}
        </div>
      </div>
`;
