// Jest Snapshot v1, https://goo.gl/fbAQLP

exports[`ProfileInfo snapshot 1`] = `
Array [
  <button
    className="btn-transparent btn Ripple-parent shadow-none text-blue-500 p-0 m-0 float-right mr-2 capitalize"
    data-test="button"
    onClick={[Function]}
    onMouseUp={[Function]}
    onTouchStart={[Function]}
    type="button"
  >
    profilePage.edit
    <div
      className="Ripple "
      data-test="waves"
      style={
        Object {
          "height": "0px",
          "left": "0px",
          "top": "0px",
          "width": "0px",
        }
      }
    />
  </button>,
  <div
    className="clearfix"
  />,
  <div
    className="row"
    data-test="row"
  >
    <div
      className="col-12 col-sm-12 col-md-6"
      data-test="col"
    >
      <h3
        className="text-2xl leading-loose font-semibold"
      >
        profilePage.basicInfo
      </h3>
      <div
        className="row"
        data-test="row"
      >
        <div
          className="col-6 col-sm-6 col-md-4"
          data-test="col"
        >
          <h3
            className="text-base leading-loose"
          >
            profilePage.name
            :
          </h3>
        </div>
        <div
          className="col-6 col-sm-6 col-md-8"
          data-test="col"
        >
          <h3
            className="text-base leading-loose"
          >
            Sara Ahmed
          </h3>
        </div>
      </div>
      <div
        className="row"
        data-test="row"
      >
        <div
          className="col-6 col-sm-6 col-md-4"
          data-test="col"
        >
          <h3
            className="text-base leading-loose"
          >
            profilePage.gender
            :
          </h3>
        </div>
        <div
          className="col-6 col-sm-6 col-md-8"
          data-test="col"
        >
          <h3
            className="text-base leading-loose"
          >
            Female
          </h3>
        </div>
      </div>
      <div
        className="row"
        data-test="row"
      >
        <div
          className="col-6 col-sm-6 col-md-4"
          data-test="col"
        >
          <h3
            className="text-base leading-loose"
          >
            profilePage.birthday
            :
          </h3>
        </div>
        <div
          className="col-6 col-sm-6 col-md-8"
          data-test="col"
        >
          <h3
            className="text-base leading-loose"
          >
            Sun Feb 01 1998
          </h3>
        </div>
      </div>
      <div
        className="row"
        data-test="row"
      >
        <div
          className="col-6 col-sm-6 col-md-4"
          data-test="col"
        >
          <h3
            className="text-base leading-loose"
          >
            profilePage.city
            :
          </h3>
        </div>
        <div
          className="col-6 col-sm-6 col-md-8"
          data-test="col"
        >
          <h3
            className="text-base leading-loose"
          >
            Erbil
          </h3>
        </div>
      </div>
      <div
        className="row"
        data-test="row"
      >
        <div
          className="col-6 col-sm-6 col-md-4"
          data-test="col"
        >
          <h3
            className="text-base leading-loose"
          >
            profilePage.country
            :
          </h3>
        </div>
        <div
          className="col-6 col-sm-6 col-md-8"
          data-test="col"
        >
          <h3
            className="text-base leading-loose"
          >
            Iraq
          </h3>
        </div>
      </div>
    </div>
    <div
      className="col-12 col-sm-12 col-md-6"
      data-test="col"
    >
      <h3
        className="text-2xl leading-loose font-semibold"
      >
        profilePage.contactInfo
      </h3>
      <div
        className="row"
        data-test="row"
      >
        <div
          className="col-6 col-sm-6 col-md-4"
          data-test="col"
        >
          <h3
            className="text-base leading-loose"
          >
            profilePage.address
            :
          </h3>
        </div>
        <div
          className="col-6 col-sm-6 col-md-8"
          data-test="col"
        >
          <h3
            className="text-base leading-loose"
          >
            Middle Erbil
          </h3>
        </div>
      </div>
      <div
        className="row"
        data-test="row"
      >
        <div
          className="col-6 col-sm-6 col-md-4"
          data-test="col"
        >
          <h3
            className="text-base leading-loose"
          >
            profilePage.phoneNumber
            :
          </h3>
        </div>
        <div
          className="col-6 col-sm-6 col-md-8"
          data-test="col"
        >
          <h3
            className="text-base leading-loose"
          >
            07154245455
          </h3>
        </div>
      </div>
      <div
        className="row"
        data-test="row"
      >
        <div
          className="col-6 col-sm-6 col-md-4"
          data-test="col"
        >
          <h3
            className="text-base leading-loose"
          >
            profilePage.email
            :
          </h3>
        </div>
        <div
          className="col-6 col-sm-6 col-md-8"
          data-test="col"
        >
          <h3
            className="text-base leading-loose"
          >
            sara@eample.com
          </h3>
        </div>
      </div>
    </div>
  </div>,
]
`;
