// Jest Snapshot v1, https://goo.gl/fbAQLP

exports[`MainPageFirstParagraph snapshot 1`] = `
Array [
  <div
    className="container"
    data-test="container"
  >
  <p className="font-serif text-center text-black font-bold my-12 text-xl bgLightblue">
      YOU ARE NOT LOST YOU ARE HERE
    </p>
   
]
`;
