// Jest Snapshot v1, https://goo.gl/fbAQLP

exports[`Details snapshot 1`] = `
<div
  className="bg-gray-100 col"
>
  <div
    className="row"
    data-test="row"
  >
    <div
      className="col-lg-5"
      data-test="col"
    >
      <img
        alt="artwork of a girl reading a book"
        src="pic.png"
      />
    </div>
    <div
      className="col"
      data-test="col"
    >
      <div
        className="mt-48"
      >
        <h3
          className="font-weight-bold text-3xl ml-1"
        >
          aboutUs
           :
        </h3>
        <hr
          className="col-lg-2 h-2 bg-blue-500"
        />
        <p
          className="mt-2 mr-5 text-lg text-justify"
        >
          aboutUsText
        </p>
        <button
          className="rounded-full h-8 w-1/9 mt-3 transition duration-500 ease-in-out bg-blue-500 hover:bg-blue-700 transform hover:-translate-y-1 hover:scale-110"
        >
          <span
            className="text-white"
          >
            ReadMoreButton
          </span>
        </button>
      </div>
    </div>
  </div>
</div>
`;
