// Jest Snapshot v1, https://goo.gl/fbAQLP

exports[`AuthorPage snapshot 1`] = `
Array [
  <div
    className="bg-gray-200"
  >
    <div
      className="container"
      data-test="container"
    >
      <div
        className="row h-auto"
        data-test="row"
      >
        <div
          className="col-12 col-sm-9 col-md-8 col-lg-7 py-4"
          data-test="col"
        >
          <p
            className="text-3xl font-medium border-b-4 inline border-blue-500"
          >
            Ann Druyan:
          </p>
          <p
            className="text-base leading-loose text-justify"
          >
            Ann Druyan is an Emmy and Peabody Award-winning writer and producer who has dedicated her life to science. In 1980, Ann, alongside late husband Carl Sagan, wrote the 1980 original COSMOS: A Personal Voyage â€” which was a 13-part television event on PBS. COSMOS is still one of the most-watched programs in the history of PBS and its airing was a major moment for science-themed television.
          </p>
          <div
            className="pb-4 text-xl"
          >
            <p
              className="mt-8 font-medium"
            >
              authorPage.follow Ann
            </p>
            <p
              className="text-2xl"
            >
              <a
                href="https://www.linkedin.com"
              >
                <i
                  className="fab fa-linkedin mr-3"
                  data-test="fa"
                />
              </a>
              <a
                href="https://www.facebook.com"
              >
                <i
                  className="fab fa-facebook-square mr-3"
                  data-test="fa"
                />
              </a>
              <a
                href="https://www.twitter.com"
              >
                <i
                  className="fab fa-twitter-square mr-3"
                  data-test="fa"
                />
              </a>
            </p>
          </div>
        </div>
        <div
          className="col-12 col-sm-3 col-md-4 col-lg-5 pt-5 pb-4"
          data-test="col"
        >
          <img
            alt="Ann Druyan"
            className="rounded-lg mx-auto h-auto max-w-full"
            src="https://via.placeholder.com/300x600"
          />
        </div>
      </div>
    </div>
  </div>,
  <div
    className="text-center mt-5"
  >
    <h1
      className="text-3xl font-medium inline border-b border-gray-400 px-5"
    >
      Ann's authorPage.books
    </h1>
  </div>,
]
`;
