// Jest Snapshot v1, https://goo.gl/fbAQLP

exports[`PaymentTable snapshot 1`] = `
Array [
  <div
    className="container"
    data-test="container"
  >

      
      <div className="row"  data-test="row">
        <div className="col-md-12" data-test="col">
          <div className="text-center">
            <p className="h5 mt-5 text-gray-800">
              {t('paymentPage.booksOrder')}
            </p>
            <hr className="border-4 my-3 mx-4 bg-primary"></hr>
          </div>
          <table>
            <thead>
              <tr className="text-center">
                <th></th>
                <th>{t('paymentPage.books')}</th>
                <th>{t('paymentPage.copies')}</th>
                <th>{t('paymentPage.price')}</th>
              </tr>
            </thead>
            <tbody>
              <BooksRender books={BOOKS} />
              <tr>
                <td></td>
                <td>
                  <p className="h6">{t('paymentPage.total')}</p>
                </td>
                <td>total copies here</td>
                <td>total price here</td>
              </tr>
            </tbody>
          </table>
        </div>
      </div>
    </div>
   
]
`;
