// Jest Snapshot v1, https://goo.gl/fbAQLP

exports[`audioPage snapshot 1`] = `
   <div className="container mt-5" data-testid="container">
      <div className="row" data-testid="row">
        <div className="col-12 col-sm-5" data-testid="col">
          <div className="mt-5 d-flex align-items-center justify-content-center">
            <img
              src={bookInfo.bookCover}
              width="353"
              height="498"
              alt="bookCover"
            />
          </div>
        </div>
        <div className="col-12 col-sm-7" data-testid="col">
          <div className="mt-5">
            <h1 className="blue-text">{bookInfo.bookName}</h1>
            <Paragraph>{bookInfo.description}</Paragraph>
          </div>
          <div className="mt-5">
            <AudioPlayerPage />
          </div>
        </div>
      </div>
    </div>
`;
