// Jest Snapshot v1, https://goo.gl/fbAQLP

exports[`Snapshot test App 1`] = `
<h1>
  Online Book
</h1>
`;
